2025-05-01 10:41:34,560 INFO o.h.v.i.u.Version {<clinit>} [background-preinit] HV000001: Hibernate Validator 8.0.1.Final
2025-05-01 10:41:34,595 INFO o.s.b.StartupInfoLogger {logStarting} [main] Starting EventCategoryIntegrationTest using Java 21.0.5 with PID 28673 (started by lauraindia in /Users/lauraindia/Desktop/DAM/AccesoDatos/apievents)
2025-05-01 10:41:34,596 INFO o.s.b.SpringApplication {logStartupProfileInfo} [main] No active profile set, falling back to 1 default profile: "default"
2025-05-01 10:41:36,953 INFO o.s.m.w.MockServletContext {log} [main] Initializing Spring TestDispatcherServlet ''
2025-05-01 10:41:36,954 INFO o.s.w.s.FrameworkServlet {initServletBean} [main] Initializing Servlet ''
2025-05-01 10:41:36,955 INFO o.s.w.s.FrameworkServlet {initServletBean} [main] Completed initialization in 1 ms
2025-05-01 10:41:36,985 INFO o.s.b.StartupInfoLogger {logStarted} [main] Started EventCategoryIntegrationTest in 2.885 seconds (process running for 4.095)
2025-05-01 10:42:09,949 INFO o.h.v.i.u.Version {<clinit>} [background-preinit] HV000001: Hibernate Validator 8.0.1.Final
2025-05-01 10:42:09,981 INFO o.s.b.StartupInfoLogger {logStarting} [main] Starting EventCategoryIntegrationTest using Java 21.0.5 with PID 29107 (started by lauraindia in /Users/lauraindia/Desktop/DAM/AccesoDatos/apievents)
2025-05-01 10:42:09,982 INFO o.s.b.SpringApplication {logStartupProfileInfo} [main] No active profile set, falling back to 1 default profile: "default"
2025-05-01 10:42:12,450 INFO o.s.m.w.MockServletContext {log} [main] Initializing Spring TestDispatcherServlet ''
2025-05-01 10:42:12,451 INFO o.s.w.s.FrameworkServlet {initServletBean} [main] Initializing Servlet ''
2025-05-01 10:42:12,453 INFO o.s.w.s.FrameworkServlet {initServletBean} [main] Completed initialization in 2 ms
2025-05-01 10:42:12,481 INFO o.s.b.StartupInfoLogger {logStarted} [main] Started EventCategoryIntegrationTest in 2.947 seconds (process running for 4.096)
2025-05-01 10:45:46,731 INFO o.h.v.i.u.Version {<clinit>} [background-preinit] HV000001: Hibernate Validator 8.0.1.Final
2025-05-01 10:45:46,769 INFO o.s.b.StartupInfoLogger {logStarting} [main] Starting EventCategoryRepositoryTests using Java 23.0.2 with PID 31380 (started by lauraindia in /Users/lauraindia/Desktop/DAM/AccesoDatos/apievents)
2025-05-01 10:45:46,770 INFO o.s.b.SpringApplication {logStartupProfileInfo} [main] No active profile set, falling back to 1 default profile: "default"
2025-05-01 10:45:47,145 INFO o.s.d.r.c.RepositoryConfigurationDelegate {registerRepositoriesIn} [main] Bootstrapping Spring Data JPA repositories in DEFAULT mode.
2025-05-01 10:45:47,220 INFO o.s.d.r.c.RepositoryConfigurationDelegate {registerRepositoriesIn} [main] Finished Spring Data repository scanning in 67 ms. Found 5 JPA repository interfaces.
2025-05-01 10:45:47,274 INFO o.s.b.t.a.j.TestDatabaseAutoConfiguration$EmbeddedDataSourceBeanFactoryPostProcessor {process} [main] Replacing 'dataSource' DataSource bean with embedded version
2025-05-01 10:45:47,426 INFO o.s.j.d.e.EmbeddedDatabaseFactory {initDatabase} [main] Starting embedded database: url='jdbc:h2:mem:4d3f6139-840b-44c2-8494-c65b004264cc;DB_CLOSE_DELAY=-1;DB_CLOSE_ON_EXIT=false', username='sa'
2025-05-01 10:45:47,716 INFO o.h.j.i.u.LogHelper {logPersistenceUnitInformation} [main] HHH000204: Processing PersistenceUnitInfo [name: default]
2025-05-01 10:45:47,798 INFO o.h.Version {logVersion} [main] HHH000412: Hibernate ORM core version 6.5.3.Final
2025-05-01 10:45:47,835 INFO o.h.c.i.RegionFactoryInitiator {initiateService} [main] HHH000026: Second-level cache disabled
2025-05-01 10:45:48,173 INFO o.s.o.j.p.SpringPersistenceUnitInfo {addTransformer} [main] No LoadTimeWeaver setup: ignoring JPA class transformer
2025-05-01 10:45:48,230 WARN o.h.e.j.d.i.DialectFactoryImpl {constructDialect} [main] HHH90000025: H2Dialect does not need to be specified explicitly using 'hibernate.dialect' (remove the property setting and it will be selected by default)
2025-05-01 10:45:49,245 INFO o.h.e.t.j.p.i.JtaPlatformInitiator {initiateService} [main] HHH000489: No JTA platform available (set 'hibernate.transaction.jta.platform' to enable JTA platform integration)
2025-05-01 10:45:49,323 INFO o.s.o.j.AbstractEntityManagerFactoryBean {buildNativeEntityManagerFactory} [main] Initialized JPA EntityManagerFactory for persistence unit 'default'
2025-05-01 10:45:49,757 INFO o.s.b.StartupInfoLogger {logStarted} [main] Started EventCategoryRepositoryTests in 3.457 seconds (process running for 4.751)
2025-05-01 10:45:50,710 INFO o.s.t.c.s.AnnotationConfigContextLoaderUtils {detectDefaultConfigurationClasses} [main] Could not detect default configuration classes for test class [com.svalero.apievents.EventCategoryControllerTests]: EventCategoryControllerTests does not declare any static, non-private, non-final, nested classes annotated with @Configuration.
2025-05-01 10:45:50,728 INFO o.s.b.t.c.SpringBootTestContextBootstrapper {getOrFindConfigurationClasses} [main] Found @SpringBootConfiguration com.svalero.apievents.ApieventsApplication for test class com.svalero.apievents.EventCategoryControllerTests
2025-05-01 10:45:50,768 INFO o.s.b.StartupInfoLogger {logStarting} [main] Starting EventCategoryControllerTests using Java 23.0.2 with PID 31380 (started by lauraindia in /Users/lauraindia/Desktop/DAM/AccesoDatos/apievents)
2025-05-01 10:45:50,768 INFO o.s.b.SpringApplication {logStartupProfileInfo} [main] No active profile set, falling back to 1 default profile: "default"
2025-05-01 10:45:51,910 INFO o.s.m.w.MockServletContext {log} [main] Initializing Spring TestDispatcherServlet ''
2025-05-01 10:45:51,910 INFO o.s.w.s.FrameworkServlet {initServletBean} [main] Initializing Servlet ''
2025-05-01 10:45:51,912 INFO o.s.w.s.FrameworkServlet {initServletBean} [main] Completed initialization in 1 ms
2025-05-01 10:45:51,925 INFO o.s.b.StartupInfoLogger {logStarted} [main] Started EventCategoryControllerTests in 1.188 seconds (process running for 6.919)
2025-05-01 10:45:52,198 INFO o.s.t.c.s.AnnotationConfigContextLoaderUtils {detectDefaultConfigurationClasses} [main] Could not detect default configuration classes for test class [com.svalero.apievents.PaymentControllerTests]: PaymentControllerTests does not declare any static, non-private, non-final, nested classes annotated with @Configuration.
2025-05-01 10:45:52,213 INFO o.s.b.t.c.SpringBootTestContextBootstrapper {getOrFindConfigurationClasses} [main] Found @SpringBootConfiguration com.svalero.apievents.ApieventsApplication for test class com.svalero.apievents.PaymentControllerTests
2025-05-01 10:45:52,244 INFO o.s.b.StartupInfoLogger {logStarting} [main] Starting PaymentControllerTests using Java 23.0.2 with PID 31380 (started by lauraindia in /Users/lauraindia/Desktop/DAM/AccesoDatos/apievents)
2025-05-01 10:45:52,244 INFO o.s.b.SpringApplication {logStartupProfileInfo} [main] No active profile set, falling back to 1 default profile: "default"
2025-05-01 10:45:52,581 INFO o.s.m.w.MockServletContext {log} [main] Initializing Spring TestDispatcherServlet ''
2025-05-01 10:45:52,582 INFO o.s.w.s.FrameworkServlet {initServletBean} [main] Initializing Servlet ''
2025-05-01 10:45:52,583 INFO o.s.w.s.FrameworkServlet {initServletBean} [main] Completed initialization in 1 ms
2025-05-01 10:45:52,589 INFO o.s.b.StartupInfoLogger {logStarted} [main] Started PaymentControllerTests in 0.372 seconds (process running for 7.582)
2025-05-01 10:45:52,671 INFO o.s.t.c.s.AnnotationConfigContextLoaderUtils {detectDefaultConfigurationClasses} [main] Could not detect default configuration classes for test class [com.svalero.apievents.PaymentRepositoryTests]: PaymentRepositoryTests does not declare any static, non-private, non-final, nested classes annotated with @Configuration.
2025-05-01 10:45:52,683 INFO o.s.b.t.c.SpringBootTestContextBootstrapper {getOrFindConfigurationClasses} [main] Found @SpringBootConfiguration com.svalero.apievents.ApieventsApplication for test class com.svalero.apievents.PaymentRepositoryTests
2025-05-01 10:45:52,795 INFO o.s.t.c.s.AnnotationConfigContextLoaderUtils {detectDefaultConfigurationClasses} [main] Could not detect default configuration classes for test class [com.svalero.apievents.UserControllerTest]: UserControllerTest does not declare any static, non-private, non-final, nested classes annotated with @Configuration.
2025-05-01 10:45:52,803 INFO o.s.b.t.c.SpringBootTestContextBootstrapper {getOrFindConfigurationClasses} [main] Found @SpringBootConfiguration com.svalero.apievents.ApieventsApplication for test class com.svalero.apievents.UserControllerTest
2025-05-01 10:45:52,829 INFO o.s.b.StartupInfoLogger {logStarting} [main] Starting UserControllerTest using Java 23.0.2 with PID 31380 (started by lauraindia in /Users/lauraindia/Desktop/DAM/AccesoDatos/apievents)
2025-05-01 10:45:52,829 INFO o.s.b.SpringApplication {logStartupProfileInfo} [main] No active profile set, falling back to 1 default profile: "default"
2025-05-01 10:45:53,091 INFO o.s.m.w.MockServletContext {log} [main] Initializing Spring TestDispatcherServlet ''
2025-05-01 10:45:53,091 INFO o.s.w.s.FrameworkServlet {initServletBean} [main] Initializing Servlet ''
2025-05-01 10:45:53,092 INFO o.s.w.s.FrameworkServlet {initServletBean} [main] Completed initialization in 0 ms
2025-05-01 10:45:53,098 INFO o.s.b.StartupInfoLogger {logStarted} [main] Started UserControllerTest in 0.292 seconds (process running for 8.091)
2025-05-01 10:45:53,177 INFO o.s.t.c.s.AnnotationConfigContextLoaderUtils {detectDefaultConfigurationClasses} [main] Could not detect default configuration classes for test class [com.svalero.apievents.EventControllerIntegrationTests]: EventControllerIntegrationTests does not declare any static, non-private, non-final, nested classes annotated with @Configuration.
2025-05-01 10:45:53,185 INFO o.s.b.t.c.SpringBootTestContextBootstrapper {getOrFindConfigurationClasses} [main] Found @SpringBootConfiguration com.svalero.apievents.ApieventsApplication for test class com.svalero.apievents.EventControllerIntegrationTests
2025-05-01 10:45:53,211 INFO o.s.b.StartupInfoLogger {logStarting} [main] Starting EventControllerIntegrationTests using Java 23.0.2 with PID 31380 (started by lauraindia in /Users/lauraindia/Desktop/DAM/AccesoDatos/apievents)
2025-05-01 10:45:53,211 INFO o.s.b.SpringApplication {logStartupProfileInfo} [main] No active profile set, falling back to 1 default profile: "default"
2025-05-01 10:45:53,510 INFO o.s.m.w.MockServletContext {log} [main] Initializing Spring TestDispatcherServlet ''
2025-05-01 10:45:53,510 INFO o.s.w.s.FrameworkServlet {initServletBean} [main] Initializing Servlet ''
2025-05-01 10:45:53,511 INFO o.s.w.s.FrameworkServlet {initServletBean} [main] Completed initialization in 1 ms
2025-05-01 10:45:53,516 INFO o.s.b.StartupInfoLogger {logStarted} [main] Started EventControllerIntegrationTests in 0.328 seconds (process running for 8.51)
2025-05-01 10:45:53,571 INFO o.s.t.c.s.AnnotationConfigContextLoaderUtils {detectDefaultConfigurationClasses} [main] Could not detect default configuration classes for test class [com.svalero.apievents.UserRepositoryTests]: UserRepositoryTests does not declare any static, non-private, non-final, nested classes annotated with @Configuration.
2025-05-01 10:45:53,580 INFO o.s.b.t.c.SpringBootTestContextBootstrapper {getOrFindConfigurationClasses} [main] Found @SpringBootConfiguration com.svalero.apievents.ApieventsApplication for test class com.svalero.apievents.UserRepositoryTests
2025-05-01 10:45:53,623 INFO o.s.t.c.s.AnnotationConfigContextLoaderUtils {detectDefaultConfigurationClasses} [main] Could not detect default configuration classes for test class [com.svalero.apievents.ReservationControllerIntegrationTests]: ReservationControllerIntegrationTests does not declare any static, non-private, non-final, nested classes annotated with @Configuration.
2025-05-01 10:45:53,630 INFO o.s.b.t.c.SpringBootTestContextBootstrapper {getOrFindConfigurationClasses} [main] Found @SpringBootConfiguration com.svalero.apievents.ApieventsApplication for test class com.svalero.apievents.ReservationControllerIntegrationTests
2025-05-01 10:45:53,649 INFO o.s.b.StartupInfoLogger {logStarting} [main] Starting ReservationControllerIntegrationTests using Java 23.0.2 with PID 31380 (started by lauraindia in /Users/lauraindia/Desktop/DAM/AccesoDatos/apievents)
2025-05-01 10:45:53,650 INFO o.s.b.SpringApplication {logStartupProfileInfo} [main] No active profile set, falling back to 1 default profile: "default"
2025-05-01 10:45:53,906 INFO o.s.m.w.MockServletContext {log} [main] Initializing Spring TestDispatcherServlet ''
2025-05-01 10:45:53,906 INFO o.s.w.s.FrameworkServlet {initServletBean} [main] Initializing Servlet ''
2025-05-01 10:45:53,907 INFO o.s.w.s.FrameworkServlet {initServletBean} [main] Completed initialization in 1 ms
2025-05-01 10:45:53,913 INFO o.s.b.StartupInfoLogger {logStarted} [main] Started ReservationControllerIntegrationTests in 0.281 seconds (process running for 8.907)
2025-05-01 10:45:53,951 INFO o.s.t.c.s.AnnotationConfigContextLoaderUtils {detectDefaultConfigurationClasses} [main] Could not detect default configuration classes for test class [com.svalero.apievents.EventCategoryIntegrationTest]: EventCategoryIntegrationTest does not declare any static, non-private, non-final, nested classes annotated with @Configuration.
2025-05-01 10:45:53,959 INFO o.s.b.t.c.SpringBootTestContextBootstrapper {getOrFindConfigurationClasses} [main] Found @SpringBootConfiguration com.svalero.apievents.ApieventsApplication for test class com.svalero.apievents.EventCategoryIntegrationTest
2025-05-01 10:45:54,015 INFO o.s.t.c.s.AnnotationConfigContextLoaderUtils {detectDefaultConfigurationClasses} [main] Could not detect default configuration classes for test class [com.svalero.apievents.ReservationRepositoryTests]: ReservationRepositoryTests does not declare any static, non-private, non-final, nested classes annotated with @Configuration.
2025-05-01 10:45:54,024 INFO o.s.b.t.c.SpringBootTestContextBootstrapper {getOrFindConfigurationClasses} [main] Found @SpringBootConfiguration com.svalero.apievents.ApieventsApplication for test class com.svalero.apievents.ReservationRepositoryTests
2025-05-01 10:45:54,499 INFO o.s.t.c.s.AnnotationConfigContextLoaderUtils {detectDefaultConfigurationClasses} [main] Could not detect default configuration classes for test class [com.svalero.apievents.UserControllerIntegrationTests]: UserControllerIntegrationTests does not declare any static, non-private, non-final, nested classes annotated with @Configuration.
2025-05-01 10:45:54,502 INFO o.s.b.t.c.SpringBootTestContextBootstrapper {getOrFindConfigurationClasses} [main] Found @SpringBootConfiguration com.svalero.apievents.ApieventsApplication for test class com.svalero.apievents.UserControllerIntegrationTests
2025-05-01 10:45:54,528 INFO o.s.b.StartupInfoLogger {logStarting} [main] Starting UserControllerIntegrationTests using Java 23.0.2 with PID 31380 (started by lauraindia in /Users/lauraindia/Desktop/DAM/AccesoDatos/apievents)
2025-05-01 10:45:54,528 INFO o.s.b.SpringApplication {logStartupProfileInfo} [main] No active profile set, falling back to 1 default profile: "default"
2025-05-01 10:45:54,758 INFO o.s.d.r.c.RepositoryConfigurationDelegate {registerRepositoriesIn} [main] Bootstrapping Spring Data JPA repositories in DEFAULT mode.
2025-05-01 10:45:54,771 INFO o.s.d.r.c.RepositoryConfigurationDelegate {registerRepositoriesIn} [main] Finished Spring Data repository scanning in 12 ms. Found 5 JPA repository interfaces.
2025-05-01 10:45:55,148 INFO o.s.b.w.e.t.TomcatWebServer {initialize} [main] Tomcat initialized with port 0 (http)
2025-05-01 10:45:55,162 INFO o.a.j.l.DirectJDKLog {log} [main] Initializing ProtocolHandler ["http-nio-auto-1"]
2025-05-01 10:45:55,166 INFO o.a.j.l.DirectJDKLog {log} [main] Starting service [Tomcat]
2025-05-01 10:45:55,166 INFO o.a.j.l.DirectJDKLog {log} [main] Starting Servlet engine: [Apache Tomcat/10.1.30]
2025-05-01 10:45:55,219 INFO o.a.j.l.DirectJDKLog {log} [main] Initializing Spring embedded WebApplicationContext
2025-05-01 10:45:55,220 INFO o.s.b.w.s.c.ServletWebServerApplicationContext {prepareWebApplicationContext} [main] Root WebApplicationContext: initialization completed in 689 ms
2025-05-01 10:45:55,247 INFO c.z.h.HikariDataSource {getConnection} [main] HikariPool-1 - Starting...
2025-05-01 10:45:55,321 INFO c.z.h.p.HikariPool {checkFailFast} [main] HikariPool-1 - Added connection conn28: url=jdbc:h2:file:~/users.db user=SA
2025-05-01 10:45:55,323 INFO c.z.h.HikariDataSource {getConnection} [main] HikariPool-1 - Start completed.
2025-05-01 10:45:55,335 INFO o.s.b.a.h.H2ConsoleAutoConfiguration {logDataSources} [main] H2 console available at '/h2-console'. Database available at 'jdbc:h2:file:~/users.db'
2025-05-01 10:45:55,456 INFO o.h.j.i.u.LogHelper {logPersistenceUnitInformation} [main] HHH000204: Processing PersistenceUnitInfo [name: default]
2025-05-01 10:45:55,459 INFO o.h.c.i.RegionFactoryInitiator {initiateService} [main] HHH000026: Second-level cache disabled
2025-05-01 10:45:55,468 INFO o.s.o.j.p.SpringPersistenceUnitInfo {addTransformer} [main] No LoadTimeWeaver setup: ignoring JPA class transformer
2025-05-01 10:45:55,470 WARN o.h.e.j.d.i.DialectFactoryImpl {constructDialect} [main] HHH90000025: H2Dialect does not need to be specified explicitly using 'hibernate.dialect' (remove the property setting and it will be selected by default)
2025-05-01 10:45:55,608 INFO o.h.e.t.j.p.i.JtaPlatformInitiator {initiateService} [main] HHH000489: No JTA platform available (set 'hibernate.transaction.jta.platform' to enable JTA platform integration)
2025-05-01 10:45:55,627 INFO o.s.o.j.AbstractEntityManagerFactoryBean {buildNativeEntityManagerFactory} [main] Initialized JPA EntityManagerFactory for persistence unit 'default'
2025-05-01 10:45:55,758 WARN o.s.b.a.o.j.JpaBaseConfiguration$JpaWebConfiguration {openEntityManagerInViewInterceptor} [main] spring.jpa.open-in-view is enabled by default. Therefore, database queries may be performed during view rendering. Explicitly configure spring.jpa.open-in-view to disable this warning
2025-05-01 10:45:55,970 INFO o.a.j.l.DirectJDKLog {log} [main] Initializing Spring TestDispatcherServlet ''
2025-05-01 10:45:55,970 INFO o.s.w.s.FrameworkServlet {initServletBean} [main] Initializing Servlet ''
2025-05-01 10:45:55,971 INFO o.s.w.s.FrameworkServlet {initServletBean} [main] Completed initialization in 0 ms
2025-05-01 10:45:55,998 INFO o.a.j.l.DirectJDKLog {log} [main] Starting ProtocolHandler ["http-nio-auto-1"]
2025-05-01 10:45:56,039 INFO o.s.b.w.e.t.TomcatWebServer {start} [main] Tomcat started on port 54080 (http) with context path '/'
2025-05-01 10:45:56,045 INFO o.s.b.StartupInfoLogger {logStarted} [main] Started UserControllerIntegrationTests in 1.538 seconds (process running for 11.038)
2025-05-01 10:45:56,226 INFO o.s.t.c.s.AnnotationConfigContextLoaderUtils {detectDefaultConfigurationClasses} [main] Could not detect default configuration classes for test class [com.svalero.apievents.EventControllerTests]: EventControllerTests does not declare any static, non-private, non-final, nested classes annotated with @Configuration.
2025-05-01 10:45:56,236 INFO o.s.b.t.c.SpringBootTestContextBootstrapper {getOrFindConfigurationClasses} [main] Found @SpringBootConfiguration com.svalero.apievents.ApieventsApplication for test class com.svalero.apievents.EventControllerTests
2025-05-01 10:45:56,316 INFO o.s.t.c.s.AnnotationConfigContextLoaderUtils {detectDefaultConfigurationClasses} [main] Could not detect default configuration classes for test class [com.svalero.apievents.EventRepositoryTests]: EventRepositoryTests does not declare any static, non-private, non-final, nested classes annotated with @Configuration.
2025-05-01 10:45:56,324 INFO o.s.b.t.c.SpringBootTestContextBootstrapper {getOrFindConfigurationClasses} [main] Found @SpringBootConfiguration com.svalero.apievents.ApieventsApplication for test class com.svalero.apievents.EventRepositoryTests
2025-05-01 10:45:56,477 INFO o.s.t.c.s.AnnotationConfigContextLoaderUtils {detectDefaultConfigurationClasses} [main] Could not detect default configuration classes for test class [com.svalero.apievents.ReservationControllerTest]: ReservationControllerTest does not declare any static, non-private, non-final, nested classes annotated with @Configuration.
2025-05-01 10:45:56,484 INFO o.s.b.t.c.SpringBootTestContextBootstrapper {getOrFindConfigurationClasses} [main] Found @SpringBootConfiguration com.svalero.apievents.ApieventsApplication for test class com.svalero.apievents.ReservationControllerTest
2025-05-01 10:45:56,534 INFO o.s.t.c.s.AnnotationConfigContextLoaderUtils {detectDefaultConfigurationClasses} [main] Could not detect default configuration classes for test class [com.svalero.apievents.PaymentsControllerIntegrationTests]: PaymentsControllerIntegrationTests does not declare any static, non-private, non-final, nested classes annotated with @Configuration.
2025-05-01 10:45:56,540 INFO o.s.b.t.c.SpringBootTestContextBootstrapper {getOrFindConfigurationClasses} [main] Found @SpringBootConfiguration com.svalero.apievents.ApieventsApplication for test class com.svalero.apievents.PaymentsControllerIntegrationTests
2025-05-01 10:45:56,628 INFO o.s.o.j.AbstractEntityManagerFactoryBean {destroy} [SpringApplicationShutdownHook] Closing JPA EntityManagerFactory for persistence unit 'default'
2025-05-01 10:45:56,668 INFO o.s.o.j.AbstractEntityManagerFactoryBean {destroy} [SpringApplicationShutdownHook] Closing JPA EntityManagerFactory for persistence unit 'default'
2025-05-01 10:45:56,681 INFO c.z.h.HikariDataSource {close} [SpringApplicationShutdownHook] HikariPool-1 - Shutdown initiated...
2025-05-01 10:45:56,683 INFO c.z.h.HikariDataSource {close} [SpringApplicationShutdownHook] HikariPool-1 - Shutdown completed.
2025-05-01 10:48:11,852 INFO o.h.v.i.u.Version {<clinit>} [background-preinit] HV000001: Hibernate Validator 8.0.1.Final
2025-05-01 10:48:11,893 INFO o.s.b.StartupInfoLogger {logStarting} [main] Starting EventCategoryRepositoryTests using Java 23.0.2 with PID 32936 (started by lauraindia in /Users/lauraindia/Desktop/DAM/AccesoDatos/apievents)
2025-05-01 10:48:11,894 INFO o.s.b.SpringApplication {logStartupProfileInfo} [main] No active profile set, falling back to 1 default profile: "default"
2025-05-01 10:48:12,284 INFO o.s.d.r.c.RepositoryConfigurationDelegate {registerRepositoriesIn} [main] Bootstrapping Spring Data JPA repositories in DEFAULT mode.
2025-05-01 10:48:12,351 INFO o.s.d.r.c.RepositoryConfigurationDelegate {registerRepositoriesIn} [main] Finished Spring Data repository scanning in 55 ms. Found 5 JPA repository interfaces.
2025-05-01 10:48:12,417 INFO o.s.b.t.a.j.TestDatabaseAutoConfiguration$EmbeddedDataSourceBeanFactoryPostProcessor {process} [main] Replacing 'dataSource' DataSource bean with embedded version
2025-05-01 10:48:12,566 INFO o.s.j.d.e.EmbeddedDatabaseFactory {initDatabase} [main] Starting embedded database: url='jdbc:h2:mem:88e9ba07-5edb-4f09-8834-811f94d17c49;DB_CLOSE_DELAY=-1;DB_CLOSE_ON_EXIT=false', username='sa'
2025-05-01 10:48:12,859 INFO o.h.j.i.u.LogHelper {logPersistenceUnitInformation} [main] HHH000204: Processing PersistenceUnitInfo [name: default]
2025-05-01 10:48:12,939 INFO o.h.Version {logVersion} [main] HHH000412: Hibernate ORM core version 6.5.3.Final
2025-05-01 10:48:12,978 INFO o.h.c.i.RegionFactoryInitiator {initiateService} [main] HHH000026: Second-level cache disabled
2025-05-01 10:48:13,316 INFO o.s.o.j.p.SpringPersistenceUnitInfo {addTransformer} [main] No LoadTimeWeaver setup: ignoring JPA class transformer
2025-05-01 10:48:13,374 WARN o.h.e.j.d.i.DialectFactoryImpl {constructDialect} [main] HHH90000025: H2Dialect does not need to be specified explicitly using 'hibernate.dialect' (remove the property setting and it will be selected by default)
2025-05-01 10:48:14,407 INFO o.h.e.t.j.p.i.JtaPlatformInitiator {initiateService} [main] HHH000489: No JTA platform available (set 'hibernate.transaction.jta.platform' to enable JTA platform integration)
2025-05-01 10:48:14,482 INFO o.s.o.j.AbstractEntityManagerFactoryBean {buildNativeEntityManagerFactory} [main] Initialized JPA EntityManagerFactory for persistence unit 'default'
2025-05-01 10:48:14,913 INFO o.s.b.StartupInfoLogger {logStarted} [main] Started EventCategoryRepositoryTests in 3.493 seconds (process running for 4.833)
2025-05-01 10:48:15,738 INFO o.s.t.c.s.AnnotationConfigContextLoaderUtils {detectDefaultConfigurationClasses} [main] Could not detect default configuration classes for test class [com.svalero.apievents.EventCategoryControllerTests]: EventCategoryControllerTests does not declare any static, non-private, non-final, nested classes annotated with @Configuration.
2025-05-01 10:48:15,757 INFO o.s.b.t.c.SpringBootTestContextBootstrapper {getOrFindConfigurationClasses} [main] Found @SpringBootConfiguration com.svalero.apievents.ApieventsApplication for test class com.svalero.apievents.EventCategoryControllerTests
2025-05-01 10:48:15,794 INFO o.s.b.StartupInfoLogger {logStarting} [main] Starting EventCategoryControllerTests using Java 23.0.2 with PID 32936 (started by lauraindia in /Users/lauraindia/Desktop/DAM/AccesoDatos/apievents)
2025-05-01 10:48:15,794 INFO o.s.b.SpringApplication {logStartupProfileInfo} [main] No active profile set, falling back to 1 default profile: "default"
2025-05-01 10:48:16,761 INFO o.s.m.w.MockServletContext {log} [main] Initializing Spring TestDispatcherServlet ''
2025-05-01 10:48:16,762 INFO o.s.w.s.FrameworkServlet {initServletBean} [main] Initializing Servlet ''
2025-05-01 10:48:16,763 INFO o.s.w.s.FrameworkServlet {initServletBean} [main] Completed initialization in 1 ms
2025-05-01 10:48:16,776 INFO o.s.b.StartupInfoLogger {logStarted} [main] Started EventCategoryControllerTests in 1.01 seconds (process running for 6.697)
2025-05-01 10:48:16,976 INFO o.s.t.c.s.AnnotationConfigContextLoaderUtils {detectDefaultConfigurationClasses} [main] Could not detect default configuration classes for test class [com.svalero.apievents.PaymentControllerTests]: PaymentControllerTests does not declare any static, non-private, non-final, nested classes annotated with @Configuration.
2025-05-01 10:48:16,988 INFO o.s.b.t.c.SpringBootTestContextBootstrapper {getOrFindConfigurationClasses} [main] Found @SpringBootConfiguration com.svalero.apievents.ApieventsApplication for test class com.svalero.apievents.PaymentControllerTests
2025-05-01 10:48:17,010 INFO o.s.b.StartupInfoLogger {logStarting} [main] Starting PaymentControllerTests using Java 23.0.2 with PID 32936 (started by lauraindia in /Users/lauraindia/Desktop/DAM/AccesoDatos/apievents)
2025-05-01 10:48:17,011 INFO o.s.b.SpringApplication {logStartupProfileInfo} [main] No active profile set, falling back to 1 default profile: "default"
2025-05-01 10:48:17,321 INFO o.s.m.w.MockServletContext {log} [main] Initializing Spring TestDispatcherServlet ''
2025-05-01 10:48:17,322 INFO o.s.w.s.FrameworkServlet {initServletBean} [main] Initializing Servlet ''
2025-05-01 10:48:17,323 INFO o.s.w.s.FrameworkServlet {initServletBean} [main] Completed initialization in 1 ms
2025-05-01 10:48:17,328 INFO o.s.b.StartupInfoLogger {logStarted} [main] Started PaymentControllerTests in 0.337 seconds (process running for 7.249)
2025-05-01 10:48:17,400 INFO o.s.t.c.s.AnnotationConfigContextLoaderUtils {detectDefaultConfigurationClasses} [main] Could not detect default configuration classes for test class [com.svalero.apievents.PaymentRepositoryTests]: PaymentRepositoryTests does not declare any static, non-private, non-final, nested classes annotated with @Configuration.
2025-05-01 10:48:17,408 INFO o.s.b.t.c.SpringBootTestContextBootstrapper {getOrFindConfigurationClasses} [main] Found @SpringBootConfiguration com.svalero.apievents.ApieventsApplication for test class com.svalero.apievents.PaymentRepositoryTests
2025-05-01 10:48:17,497 INFO o.s.t.c.s.AnnotationConfigContextLoaderUtils {detectDefaultConfigurationClasses} [main] Could not detect default configuration classes for test class [com.svalero.apievents.UserControllerTest]: UserControllerTest does not declare any static, non-private, non-final, nested classes annotated with @Configuration.
2025-05-01 10:48:17,504 INFO o.s.b.t.c.SpringBootTestContextBootstrapper {getOrFindConfigurationClasses} [main] Found @SpringBootConfiguration com.svalero.apievents.ApieventsApplication for test class com.svalero.apievents.UserControllerTest
2025-05-01 10:48:17,522 INFO o.s.b.StartupInfoLogger {logStarting} [main] Starting UserControllerTest using Java 23.0.2 with PID 32936 (started by lauraindia in /Users/lauraindia/Desktop/DAM/AccesoDatos/apievents)
2025-05-01 10:48:17,523 INFO o.s.b.SpringApplication {logStartupProfileInfo} [main] No active profile set, falling back to 1 default profile: "default"
2025-05-01 10:48:17,758 INFO o.s.m.w.MockServletContext {log} [main] Initializing Spring TestDispatcherServlet ''
2025-05-01 10:48:17,758 INFO o.s.w.s.FrameworkServlet {initServletBean} [main] Initializing Servlet ''
2025-05-01 10:48:17,759 INFO o.s.w.s.FrameworkServlet {initServletBean} [main] Completed initialization in 1 ms
2025-05-01 10:48:17,764 INFO o.s.b.StartupInfoLogger {logStarted} [main] Started UserControllerTest in 0.256 seconds (process running for 7.684)
2025-05-01 10:48:17,834 INFO o.s.t.c.s.AnnotationConfigContextLoaderUtils {detectDefaultConfigurationClasses} [main] Could not detect default configuration classes for test class [com.svalero.apievents.EventControllerIntegrationTests]: EventControllerIntegrationTests does not declare any static, non-private, non-final, nested classes annotated with @Configuration.
2025-05-01 10:48:17,842 INFO o.s.b.t.c.SpringBootTestContextBootstrapper {getOrFindConfigurationClasses} [main] Found @SpringBootConfiguration com.svalero.apievents.ApieventsApplication for test class com.svalero.apievents.EventControllerIntegrationTests
2025-05-01 10:48:17,863 INFO o.s.b.StartupInfoLogger {logStarting} [main] Starting EventControllerIntegrationTests using Java 23.0.2 with PID 32936 (started by lauraindia in /Users/lauraindia/Desktop/DAM/AccesoDatos/apievents)
2025-05-01 10:48:17,864 INFO o.s.b.SpringApplication {logStartupProfileInfo} [main] No active profile set, falling back to 1 default profile: "default"
2025-05-01 10:48:18,082 INFO o.s.m.w.MockServletContext {log} [main] Initializing Spring TestDispatcherServlet ''
2025-05-01 10:48:18,082 INFO o.s.w.s.FrameworkServlet {initServletBean} [main] Initializing Servlet ''
2025-05-01 10:48:18,083 INFO o.s.w.s.FrameworkServlet {initServletBean} [main] Completed initialization in 1 ms
2025-05-01 10:48:18,088 INFO o.s.b.StartupInfoLogger {logStarted} [main] Started EventControllerIntegrationTests in 0.244 seconds (process running for 8.008)
2025-05-01 10:48:18,136 INFO o.s.t.c.s.AnnotationConfigContextLoaderUtils {detectDefaultConfigurationClasses} [main] Could not detect default configuration classes for test class [com.svalero.apievents.UserRepositoryTests]: UserRepositoryTests does not declare any static, non-private, non-final, nested classes annotated with @Configuration.
2025-05-01 10:48:18,143 INFO o.s.b.t.c.SpringBootTestContextBootstrapper {getOrFindConfigurationClasses} [main] Found @SpringBootConfiguration com.svalero.apievents.ApieventsApplication for test class com.svalero.apievents.UserRepositoryTests
2025-05-01 10:48:18,178 INFO o.s.t.c.s.AnnotationConfigContextLoaderUtils {detectDefaultConfigurationClasses} [main] Could not detect default configuration classes for test class [com.svalero.apievents.ReservationControllerIntegrationTests]: ReservationControllerIntegrationTests does not declare any static, non-private, non-final, nested classes annotated with @Configuration.
2025-05-01 10:48:18,184 INFO o.s.b.t.c.SpringBootTestContextBootstrapper {getOrFindConfigurationClasses} [main] Found @SpringBootConfiguration com.svalero.apievents.ApieventsApplication for test class com.svalero.apievents.ReservationControllerIntegrationTests
2025-05-01 10:48:18,199 INFO o.s.b.StartupInfoLogger {logStarting} [main] Starting ReservationControllerIntegrationTests using Java 23.0.2 with PID 32936 (started by lauraindia in /Users/lauraindia/Desktop/DAM/AccesoDatos/apievents)
2025-05-01 10:48:18,199 INFO o.s.b.SpringApplication {logStartupProfileInfo} [main] No active profile set, falling back to 1 default profile: "default"
2025-05-01 10:48:18,435 INFO o.s.m.w.MockServletContext {log} [main] Initializing Spring TestDispatcherServlet ''
2025-05-01 10:48:18,436 INFO o.s.w.s.FrameworkServlet {initServletBean} [main] Initializing Servlet ''
2025-05-01 10:48:18,436 INFO o.s.w.s.FrameworkServlet {initServletBean} [main] Completed initialization in 0 ms
2025-05-01 10:48:18,441 INFO o.s.b.StartupInfoLogger {logStarted} [main] Started ReservationControllerIntegrationTests in 0.255 seconds (process running for 8.361)
2025-05-01 10:48:18,475 INFO o.s.t.c.s.AnnotationConfigContextLoaderUtils {detectDefaultConfigurationClasses} [main] Could not detect default configuration classes for test class [com.svalero.apievents.EventCategoryIntegrationTest]: EventCategoryIntegrationTest does not declare any static, non-private, non-final, nested classes annotated with @Configuration.
2025-05-01 10:48:18,482 INFO o.s.b.t.c.SpringBootTestContextBootstrapper {getOrFindConfigurationClasses} [main] Found @SpringBootConfiguration com.svalero.apievents.ApieventsApplication for test class com.svalero.apievents.EventCategoryIntegrationTest
2025-05-01 10:48:18,530 INFO o.s.t.c.s.AnnotationConfigContextLoaderUtils {detectDefaultConfigurationClasses} [main] Could not detect default configuration classes for test class [com.svalero.apievents.ReservationRepositoryTests]: ReservationRepositoryTests does not declare any static, non-private, non-final, nested classes annotated with @Configuration.
2025-05-01 10:48:18,537 INFO o.s.b.t.c.SpringBootTestContextBootstrapper {getOrFindConfigurationClasses} [main] Found @SpringBootConfiguration com.svalero.apievents.ApieventsApplication for test class com.svalero.apievents.ReservationRepositoryTests
2025-05-01 10:48:18,936 INFO o.s.t.c.s.AnnotationConfigContextLoaderUtils {detectDefaultConfigurationClasses} [main] Could not detect default configuration classes for test class [com.svalero.apievents.UserControllerIntegrationTests]: UserControllerIntegrationTests does not declare any static, non-private, non-final, nested classes annotated with @Configuration.
2025-05-01 10:48:18,939 INFO o.s.b.t.c.SpringBootTestContextBootstrapper {getOrFindConfigurationClasses} [main] Found @SpringBootConfiguration com.svalero.apievents.ApieventsApplication for test class com.svalero.apievents.UserControllerIntegrationTests
2025-05-01 10:48:18,960 INFO o.s.b.StartupInfoLogger {logStarting} [main] Starting UserControllerIntegrationTests using Java 23.0.2 with PID 32936 (started by lauraindia in /Users/lauraindia/Desktop/DAM/AccesoDatos/apievents)
2025-05-01 10:48:18,961 INFO o.s.b.SpringApplication {logStartupProfileInfo} [main] No active profile set, falling back to 1 default profile: "default"
2025-05-01 10:48:19,139 INFO o.s.d.r.c.RepositoryConfigurationDelegate {registerRepositoriesIn} [main] Bootstrapping Spring Data JPA repositories in DEFAULT mode.
2025-05-01 10:48:19,150 INFO o.s.d.r.c.RepositoryConfigurationDelegate {registerRepositoriesIn} [main] Finished Spring Data repository scanning in 10 ms. Found 5 JPA repository interfaces.
2025-05-01 10:48:19,486 INFO o.s.b.w.e.t.TomcatWebServer {initialize} [main] Tomcat initialized with port 0 (http)
2025-05-01 10:48:19,500 INFO o.a.j.l.DirectJDKLog {log} [main] Initializing ProtocolHandler ["http-nio-auto-1"]
2025-05-01 10:48:19,503 INFO o.a.j.l.DirectJDKLog {log} [main] Starting service [Tomcat]
2025-05-01 10:48:19,504 INFO o.a.j.l.DirectJDKLog {log} [main] Starting Servlet engine: [Apache Tomcat/10.1.30]
2025-05-01 10:48:19,554 INFO o.a.j.l.DirectJDKLog {log} [main] Initializing Spring embedded WebApplicationContext
2025-05-01 10:48:19,555 INFO o.s.b.w.s.c.ServletWebServerApplicationContext {prepareWebApplicationContext} [main] Root WebApplicationContext: initialization completed in 592 ms
2025-05-01 10:48:19,578 INFO c.z.h.HikariDataSource {getConnection} [main] HikariPool-1 - Starting...
2025-05-01 10:48:19,637 INFO c.z.h.p.HikariPool {checkFailFast} [main] HikariPool-1 - Added connection conn28: url=jdbc:h2:file:~/users.db user=SA
2025-05-01 10:48:19,639 INFO c.z.h.HikariDataSource {getConnection} [main] HikariPool-1 - Start completed.
2025-05-01 10:48:19,650 INFO o.s.b.a.h.H2ConsoleAutoConfiguration {logDataSources} [main] H2 console available at '/h2-console'. Database available at 'jdbc:h2:file:~/users.db'
2025-05-01 10:48:19,722 INFO o.h.j.i.u.LogHelper {logPersistenceUnitInformation} [main] HHH000204: Processing PersistenceUnitInfo [name: default]
2025-05-01 10:48:19,724 INFO o.h.c.i.RegionFactoryInitiator {initiateService} [main] HHH000026: Second-level cache disabled
2025-05-01 10:48:19,730 INFO o.s.o.j.p.SpringPersistenceUnitInfo {addTransformer} [main] No LoadTimeWeaver setup: ignoring JPA class transformer
2025-05-01 10:48:19,732 WARN o.h.e.j.d.i.DialectFactoryImpl {constructDialect} [main] HHH90000025: H2Dialect does not need to be specified explicitly using 'hibernate.dialect' (remove the property setting and it will be selected by default)
2025-05-01 10:48:19,841 INFO o.h.e.t.j.p.i.JtaPlatformInitiator {initiateService} [main] HHH000489: No JTA platform available (set 'hibernate.transaction.jta.platform' to enable JTA platform integration)
2025-05-01 10:48:19,857 INFO o.s.o.j.AbstractEntityManagerFactoryBean {buildNativeEntityManagerFactory} [main] Initialized JPA EntityManagerFactory for persistence unit 'default'
2025-05-01 10:48:19,977 WARN o.s.b.a.o.j.JpaBaseConfiguration$JpaWebConfiguration {openEntityManagerInViewInterceptor} [main] spring.jpa.open-in-view is enabled by default. Therefore, database queries may be performed during view rendering. Explicitly configure spring.jpa.open-in-view to disable this warning
2025-05-01 10:48:20,188 INFO o.a.j.l.DirectJDKLog {log} [main] Initializing Spring TestDispatcherServlet ''
2025-05-01 10:48:20,189 INFO o.s.w.s.FrameworkServlet {initServletBean} [main] Initializing Servlet ''
2025-05-01 10:48:20,189 INFO o.s.w.s.FrameworkServlet {initServletBean} [main] Completed initialization in 0 ms
2025-05-01 10:48:20,214 INFO o.a.j.l.DirectJDKLog {log} [main] Starting ProtocolHandler ["http-nio-auto-1"]
2025-05-01 10:48:20,249 INFO o.s.b.w.e.t.TomcatWebServer {start} [main] Tomcat started on port 54107 (http) with context path '/'
2025-05-01 10:48:20,254 INFO o.s.b.StartupInfoLogger {logStarted} [main] Started UserControllerIntegrationTests in 1.312 seconds (process running for 10.174)
2025-05-01 10:48:20,451 INFO o.s.t.c.s.AnnotationConfigContextLoaderUtils {detectDefaultConfigurationClasses} [main] Could not detect default configuration classes for test class [com.svalero.apievents.EventControllerTests]: EventControllerTests does not declare any static, non-private, non-final, nested classes annotated with @Configuration.
2025-05-01 10:48:20,461 INFO o.s.b.t.c.SpringBootTestContextBootstrapper {getOrFindConfigurationClasses} [main] Found @SpringBootConfiguration com.svalero.apievents.ApieventsApplication for test class com.svalero.apievents.EventControllerTests
2025-05-01 10:48:20,553 INFO o.s.t.c.s.AnnotationConfigContextLoaderUtils {detectDefaultConfigurationClasses} [main] Could not detect default configuration classes for test class [com.svalero.apievents.EventRepositoryTests]: EventRepositoryTests does not declare any static, non-private, non-final, nested classes annotated with @Configuration.
2025-05-01 10:48:20,563 INFO o.s.b.t.c.SpringBootTestContextBootstrapper {getOrFindConfigurationClasses} [main] Found @SpringBootConfiguration com.svalero.apievents.ApieventsApplication for test class com.svalero.apievents.EventRepositoryTests
2025-05-01 10:48:20,694 INFO o.s.t.c.s.AnnotationConfigContextLoaderUtils {detectDefaultConfigurationClasses} [main] Could not detect default configuration classes for test class [com.svalero.apievents.ReservationControllerTest]: ReservationControllerTest does not declare any static, non-private, non-final, nested classes annotated with @Configuration.
2025-05-01 10:48:20,701 INFO o.s.b.t.c.SpringBootTestContextBootstrapper {getOrFindConfigurationClasses} [main] Found @SpringBootConfiguration com.svalero.apievents.ApieventsApplication for test class com.svalero.apievents.ReservationControllerTest
2025-05-01 10:48:20,751 INFO o.s.t.c.s.AnnotationConfigContextLoaderUtils {detectDefaultConfigurationClasses} [main] Could not detect default configuration classes for test class [com.svalero.apievents.PaymentsControllerIntegrationTests]: PaymentsControllerIntegrationTests does not declare any static, non-private, non-final, nested classes annotated with @Configuration.
2025-05-01 10:48:20,759 INFO o.s.b.t.c.SpringBootTestContextBootstrapper {getOrFindConfigurationClasses} [main] Found @SpringBootConfiguration com.svalero.apievents.ApieventsApplication for test class com.svalero.apievents.PaymentsControllerIntegrationTests
2025-05-01 10:48:20,844 INFO o.s.o.j.AbstractEntityManagerFactoryBean {destroy} [SpringApplicationShutdownHook] Closing JPA EntityManagerFactory for persistence unit 'default'
2025-05-01 10:48:20,878 INFO o.s.o.j.AbstractEntityManagerFactoryBean {destroy} [SpringApplicationShutdownHook] Closing JPA EntityManagerFactory for persistence unit 'default'
2025-05-01 10:48:20,897 INFO c.z.h.HikariDataSource {close} [SpringApplicationShutdownHook] HikariPool-1 - Shutdown initiated...
2025-05-01 10:48:20,898 INFO c.z.h.HikariDataSource {close} [SpringApplicationShutdownHook] HikariPool-1 - Shutdown completed.
2025-05-01 17:07:52,913 INFO o.h.v.i.u.Version {<clinit>} [background-preinit] HV000001: Hibernate Validator 8.0.1.Final
2025-05-01 17:07:52,965 INFO o.s.b.StartupInfoLogger {logStarting} [main] Starting ApieventsApplication using Java 23.0.2 with PID 38584 (/Users/lauraindia/Desktop/DAM/AccesoDatos/apievents/target/classes started by lauraindia in /Users/lauraindia/Desktop/DAM/AccesoDatos/apievents)
2025-05-01 17:07:52,966 INFO o.s.b.SpringApplication {logStartupProfileInfo} [main] No active profile set, falling back to 1 default profile: "default"
2025-05-01 17:07:53,757 INFO o.s.d.r.c.RepositoryConfigurationDelegate {registerRepositoriesIn} [main] Bootstrapping Spring Data JPA repositories in DEFAULT mode.
2025-05-01 17:07:53,848 INFO o.s.d.r.c.RepositoryConfigurationDelegate {registerRepositoriesIn} [main] Finished Spring Data repository scanning in 78 ms. Found 5 JPA repository interfaces.
2025-05-01 17:07:54,542 INFO o.s.b.w.e.t.TomcatWebServer {initialize} [main] Tomcat initialized with port 8080 (http)
2025-05-01 17:07:54,558 INFO o.a.j.l.DirectJDKLog {log} [main] Initializing ProtocolHandler ["http-nio-8080"]
2025-05-01 17:07:54,565 INFO o.a.j.l.DirectJDKLog {log} [main] Starting service [Tomcat]
2025-05-01 17:07:54,565 INFO o.a.j.l.DirectJDKLog {log} [main] Starting Servlet engine: [Apache Tomcat/10.1.30]
2025-05-01 17:07:55,141 INFO o.a.j.l.DirectJDKLog {log} [main] Initializing Spring embedded WebApplicationContext
2025-05-01 17:07:55,142 INFO o.s.b.w.s.c.ServletWebServerApplicationContext {prepareWebApplicationContext} [main] Root WebApplicationContext: initialization completed in 2120 ms
2025-05-01 17:07:55,191 INFO c.z.h.HikariDataSource {getConnection} [main] HikariPool-1 - Starting...
2025-05-01 17:07:55,510 INFO c.z.h.p.HikariPool {checkFailFast} [main] HikariPool-1 - Added connection conn0: url=jdbc:h2:file:~/users.db user=SA
2025-05-01 17:07:55,511 INFO c.z.h.HikariDataSource {getConnection} [main] HikariPool-1 - Start completed.
2025-05-01 17:07:55,531 INFO o.s.b.a.h.H2ConsoleAutoConfiguration {logDataSources} [main] H2 console available at '/h2-console'. Database available at 'jdbc:h2:file:~/users.db'
2025-05-01 17:07:55,677 INFO o.h.j.i.u.LogHelper {logPersistenceUnitInformation} [main] HHH000204: Processing PersistenceUnitInfo [name: default]
2025-05-01 17:07:55,786 INFO o.h.Version {logVersion} [main] HHH000412: Hibernate ORM core version 6.5.3.Final
2025-05-01 17:07:55,832 INFO o.h.c.i.RegionFactoryInitiator {initiateService} [main] HHH000026: Second-level cache disabled
2025-05-01 17:07:56,250 INFO o.s.o.j.p.SpringPersistenceUnitInfo {addTransformer} [main] No LoadTimeWeaver setup: ignoring JPA class transformer
2025-05-01 17:07:56,320 WARN o.h.e.j.d.i.DialectFactoryImpl {constructDialect} [main] HHH90000025: H2Dialect does not need to be specified explicitly using 'hibernate.dialect' (remove the property setting and it will be selected by default)
2025-05-01 17:07:57,582 INFO o.h.e.t.j.p.i.JtaPlatformInitiator {initiateService} [main] HHH000489: No JTA platform available (set 'hibernate.transaction.jta.platform' to enable JTA platform integration)
2025-05-01 17:07:57,686 INFO o.s.o.j.AbstractEntityManagerFactoryBean {buildNativeEntityManagerFactory} [main] Initialized JPA EntityManagerFactory for persistence unit 'default'
2025-05-01 17:07:58,095 ERROR o.s.b.w.e.t.TomcatStarter {onStartup} [main] Error starting Tomcat context. Exception: org.springframework.beans.factory.UnsatisfiedDependencyException. Message: Error creating bean with name 'appConfig': Unsatisfied dependency expressed through field 'eventsUserDetailsService': Error creating bean with name 'eventsUserDetailsService': Unsatisfied dependency expressed through field 'userService': Error creating bean with name 'userService': Unsatisfied dependency expressed through field 'modelMapper': Error creating bean with name 'appConfig': Requested bean is currently in creation: Is there an unresolvable circular reference?
2025-05-01 17:07:58,129 INFO o.a.j.l.DirectJDKLog {log} [main] Stopping service [Tomcat]
2025-05-01 17:07:58,137 WARN o.s.c.s.AbstractApplicationContext {refresh} [main] Exception encountered during context initialization - cancelling refresh attempt: org.springframework.context.ApplicationContextException: Unable to start web server
2025-05-01 17:07:58,137 INFO o.s.o.j.AbstractEntityManagerFactoryBean {destroy} [main] Closing JPA EntityManagerFactory for persistence unit 'default'
2025-05-01 17:07:58,139 INFO c.z.h.HikariDataSource {close} [main] HikariPool-1 - Shutdown initiated...
2025-05-01 17:07:58,441 INFO c.z.h.HikariDataSource {close} [main] HikariPool-1 - Shutdown completed.
2025-05-01 17:07:58,448 INFO o.s.b.a.l.ConditionEvaluationReportLogger {logMessage} [main] 

Error starting ApplicationContext. To display the condition evaluation report re-run your application with 'debug' enabled.
2025-05-01 17:07:58,471 ERROR o.s.b.d.LoggingFailureAnalysisReporter {report} [main] 

***************************
APPLICATION FAILED TO START
***************************

Description:

The dependencies of some of the beans in the application context form a cycle:

┌─────┐
|  appConfig (field private com.svalero.apievents.security.EventsUserDetailsService com.svalero.apievents.config.AppConfig.eventsUserDetailsService)
↑     ↓
|  eventsUserDetailsService (field private com.svalero.apievents.service.UserService com.svalero.apievents.security.EventsUserDetailsService.userService)
↑     ↓
|  userService (field private org.modelmapper.ModelMapper com.svalero.apievents.service.UserService.modelMapper)
└─────┘


Action:

Relying upon circular references is discouraged and they are prohibited by default. Update your application to remove the dependency cycle between beans. As a last resort, it may be possible to break the cycle automatically by setting spring.main.allow-circular-references to true.

2025-05-01 17:10:39,942 INFO o.h.v.i.u.Version {<clinit>} [background-preinit] HV000001: Hibernate Validator 8.0.1.Final
2025-05-01 17:10:39,992 INFO o.s.b.StartupInfoLogger {logStarting} [main] Starting ApieventsApplication using Java 23.0.2 with PID 40411 (/Users/lauraindia/Desktop/DAM/AccesoDatos/apievents/target/classes started by lauraindia in /Users/lauraindia/Desktop/DAM/AccesoDatos/apievents)
2025-05-01 17:10:39,994 INFO o.s.b.SpringApplication {logStartupProfileInfo} [main] No active profile set, falling back to 1 default profile: "default"
2025-05-01 17:10:40,730 INFO o.s.d.r.c.RepositoryConfigurationDelegate {registerRepositoriesIn} [main] Bootstrapping Spring Data JPA repositories in DEFAULT mode.
2025-05-01 17:10:40,807 INFO o.s.d.r.c.RepositoryConfigurationDelegate {registerRepositoriesIn} [main] Finished Spring Data repository scanning in 67 ms. Found 5 JPA repository interfaces.
2025-05-01 17:10:41,501 INFO o.s.b.w.e.t.TomcatWebServer {initialize} [main] Tomcat initialized with port 8080 (http)
2025-05-01 17:10:41,517 INFO o.a.j.l.DirectJDKLog {log} [main] Initializing ProtocolHandler ["http-nio-8080"]
2025-05-01 17:10:41,524 INFO o.a.j.l.DirectJDKLog {log} [main] Starting service [Tomcat]
2025-05-01 17:10:41,525 INFO o.a.j.l.DirectJDKLog {log} [main] Starting Servlet engine: [Apache Tomcat/10.1.30]
2025-05-01 17:10:41,597 INFO o.a.j.l.DirectJDKLog {log} [main] Initializing Spring embedded WebApplicationContext
2025-05-01 17:10:41,598 INFO o.s.b.w.s.c.ServletWebServerApplicationContext {prepareWebApplicationContext} [main] Root WebApplicationContext: initialization completed in 1554 ms
2025-05-01 17:10:41,635 INFO c.z.h.HikariDataSource {getConnection} [main] HikariPool-1 - Starting...
2025-05-01 17:10:41,960 INFO c.z.h.p.HikariPool {checkFailFast} [main] HikariPool-1 - Added connection conn0: url=jdbc:h2:file:~/users.db user=SA
2025-05-01 17:10:41,962 INFO c.z.h.HikariDataSource {getConnection} [main] HikariPool-1 - Start completed.
2025-05-01 17:10:41,974 INFO o.s.b.a.h.H2ConsoleAutoConfiguration {logDataSources} [main] H2 console available at '/h2-console'. Database available at 'jdbc:h2:file:~/users.db'
2025-05-01 17:10:42,125 INFO o.h.j.i.u.LogHelper {logPersistenceUnitInformation} [main] HHH000204: Processing PersistenceUnitInfo [name: default]
2025-05-01 17:10:42,228 INFO o.h.Version {logVersion} [main] HHH000412: Hibernate ORM core version 6.5.3.Final
2025-05-01 17:10:42,279 INFO o.h.c.i.RegionFactoryInitiator {initiateService} [main] HHH000026: Second-level cache disabled
2025-05-01 17:10:42,757 INFO o.s.o.j.p.SpringPersistenceUnitInfo {addTransformer} [main] No LoadTimeWeaver setup: ignoring JPA class transformer
2025-05-01 17:10:42,831 WARN o.h.e.j.d.i.DialectFactoryImpl {constructDialect} [main] HHH90000025: H2Dialect does not need to be specified explicitly using 'hibernate.dialect' (remove the property setting and it will be selected by default)
2025-05-01 17:10:44,115 INFO o.h.e.t.j.p.i.JtaPlatformInitiator {initiateService} [main] HHH000489: No JTA platform available (set 'hibernate.transaction.jta.platform' to enable JTA platform integration)
2025-05-01 17:10:44,180 INFO o.s.o.j.AbstractEntityManagerFactoryBean {buildNativeEntityManagerFactory} [main] Initialized JPA EntityManagerFactory for persistence unit 'default'
2025-05-01 17:10:44,534 ERROR o.s.b.w.e.t.TomcatStarter {onStartup} [main] Error starting Tomcat context. Exception: org.springframework.beans.factory.UnsatisfiedDependencyException. Message: Error creating bean with name 'appConfig': Unsatisfied dependency expressed through field 'eventsUserDetailsService': Error creating bean with name 'eventsUserDetailsService': Unsatisfied dependency expressed through field 'userService': Error creating bean with name 'userService': Unsatisfied dependency expressed through field 'passwordEncoder': Error creating bean with name 'appConfig': Requested bean is currently in creation: Is there an unresolvable circular reference?
2025-05-01 17:10:44,573 INFO o.a.j.l.DirectJDKLog {log} [main] Stopping service [Tomcat]
2025-05-01 17:10:44,579 WARN o.s.c.s.AbstractApplicationContext {refresh} [main] Exception encountered during context initialization - cancelling refresh attempt: org.springframework.context.ApplicationContextException: Unable to start web server
2025-05-01 17:10:44,580 INFO o.s.o.j.AbstractEntityManagerFactoryBean {destroy} [main] Closing JPA EntityManagerFactory for persistence unit 'default'
2025-05-01 17:10:44,582 INFO c.z.h.HikariDataSource {close} [main] HikariPool-1 - Shutdown initiated...
2025-05-01 17:10:44,838 INFO c.z.h.HikariDataSource {close} [main] HikariPool-1 - Shutdown completed.
2025-05-01 17:10:44,851 INFO o.s.b.a.l.ConditionEvaluationReportLogger {logMessage} [main] 

Error starting ApplicationContext. To display the condition evaluation report re-run your application with 'debug' enabled.
2025-05-01 17:10:44,884 ERROR o.s.b.d.LoggingFailureAnalysisReporter {report} [main] 

***************************
APPLICATION FAILED TO START
***************************

Description:

The dependencies of some of the beans in the application context form a cycle:

┌─────┐
|  appConfig (field private com.svalero.apievents.security.EventsUserDetailsService com.svalero.apievents.config.AppConfig.eventsUserDetailsService)
↑     ↓
|  eventsUserDetailsService (field private com.svalero.apievents.service.UserService com.svalero.apievents.security.EventsUserDetailsService.userService)
↑     ↓
|  userService (field private org.springframework.security.crypto.password.PasswordEncoder com.svalero.apievents.service.UserService.passwordEncoder)
└─────┘


Action:

Relying upon circular references is discouraged and they are prohibited by default. Update your application to remove the dependency cycle between beans. As a last resort, it may be possible to break the cycle automatically by setting spring.main.allow-circular-references to true.

2025-05-01 17:14:00,555 INFO o.h.v.i.u.Version {<clinit>} [background-preinit] HV000001: Hibernate Validator 8.0.1.Final
2025-05-01 17:14:00,604 INFO o.s.b.StartupInfoLogger {logStarting} [main] Starting ApieventsApplication using Java 23.0.2 with PID 42477 (/Users/lauraindia/Desktop/DAM/AccesoDatos/apievents/target/classes started by lauraindia in /Users/lauraindia/Desktop/DAM/AccesoDatos/apievents)
2025-05-01 17:14:00,605 INFO o.s.b.SpringApplication {logStartupProfileInfo} [main] No active profile set, falling back to 1 default profile: "default"
2025-05-01 17:14:01,126 WARN o.s.c.s.AbstractApplicationContext {refresh} [main] Exception encountered during context initialization - cancelling refresh attempt: org.springframework.beans.factory.support.BeanDefinitionOverrideException: Invalid bean definition with name 'passwordEncoder' defined in class path resource [com/svalero/apievents/config/CommonSecurityConfig.class]: Cannot register bean definition [Root bean: class [null]; scope=; abstract=false; lazyInit=null; autowireMode=3; dependencyCheck=0; autowireCandidate=true; primary=false; factoryBeanName=commonSecurityConfig; factoryMethodName=passwordEncoder; initMethodNames=null; destroyMethodNames=[(inferred)]; defined in class path resource [com/svalero/apievents/config/CommonSecurityConfig.class]] for bean 'passwordEncoder' since there is already [Root bean: class [null]; scope=; abstract=false; lazyInit=null; autowireMode=3; dependencyCheck=0; autowireCandidate=true; primary=false; factoryBeanName=appConfig; factoryMethodName=passwordEncoder; initMethodNames=null; destroyMethodNames=[(inferred)]; defined in class path resource [com/svalero/apievents/config/AppConfig.class]] bound.
2025-05-01 17:14:01,133 INFO o.s.b.a.l.ConditionEvaluationReportLogger {logMessage} [main] 

Error starting ApplicationContext. To display the condition evaluation report re-run your application with 'debug' enabled.
2025-05-01 17:14:01,160 ERROR o.s.b.d.LoggingFailureAnalysisReporter {report} [main] 

***************************
APPLICATION FAILED TO START
***************************

Description:

The bean 'passwordEncoder', defined in class path resource [com/svalero/apievents/config/CommonSecurityConfig.class], could not be registered. A bean with that name has already been defined in class path resource [com/svalero/apievents/config/AppConfig.class] and overriding is disabled.

Action:

Consider renaming one of the beans or enabling overriding by setting spring.main.allow-bean-definition-overriding=true

2025-05-01 17:14:42,047 INFO o.h.v.i.u.Version {<clinit>} [background-preinit] HV000001: Hibernate Validator 8.0.1.Final
2025-05-01 17:14:42,096 INFO o.s.b.StartupInfoLogger {logStarting} [main] Starting ApieventsApplication using Java 23.0.2 with PID 42942 (/Users/lauraindia/Desktop/DAM/AccesoDatos/apievents/target/classes started by lauraindia in /Users/lauraindia/Desktop/DAM/AccesoDatos/apievents)
2025-05-01 17:14:42,097 INFO o.s.b.SpringApplication {logStartupProfileInfo} [main] No active profile set, falling back to 1 default profile: "default"
2025-05-01 17:14:42,845 INFO o.s.d.r.c.RepositoryConfigurationDelegate {registerRepositoriesIn} [main] Bootstrapping Spring Data JPA repositories in DEFAULT mode.
2025-05-01 17:14:42,925 INFO o.s.d.r.c.RepositoryConfigurationDelegate {registerRepositoriesIn} [main] Finished Spring Data repository scanning in 68 ms. Found 5 JPA repository interfaces.
2025-05-01 17:14:43,638 INFO o.s.b.w.e.t.TomcatWebServer {initialize} [main] Tomcat initialized with port 8080 (http)
2025-05-01 17:14:43,658 INFO o.a.j.l.DirectJDKLog {log} [main] Initializing ProtocolHandler ["http-nio-8080"]
2025-05-01 17:14:43,667 INFO o.a.j.l.DirectJDKLog {log} [main] Starting service [Tomcat]
2025-05-01 17:14:43,668 INFO o.a.j.l.DirectJDKLog {log} [main] Starting Servlet engine: [Apache Tomcat/10.1.30]
2025-05-01 17:14:43,745 INFO o.a.j.l.DirectJDKLog {log} [main] Initializing Spring embedded WebApplicationContext
2025-05-01 17:14:43,747 INFO o.s.b.w.s.c.ServletWebServerApplicationContext {prepareWebApplicationContext} [main] Root WebApplicationContext: initialization completed in 1601 ms
2025-05-01 17:14:43,788 INFO c.z.h.HikariDataSource {getConnection} [main] HikariPool-1 - Starting...
2025-05-01 17:14:44,103 INFO c.z.h.p.HikariPool {checkFailFast} [main] HikariPool-1 - Added connection conn0: url=jdbc:h2:file:~/users.db user=SA
2025-05-01 17:14:44,104 INFO c.z.h.HikariDataSource {getConnection} [main] HikariPool-1 - Start completed.
2025-05-01 17:14:44,117 INFO o.s.b.a.h.H2ConsoleAutoConfiguration {logDataSources} [main] H2 console available at '/h2-console'. Database available at 'jdbc:h2:file:~/users.db'
2025-05-01 17:14:44,254 INFO o.h.j.i.u.LogHelper {logPersistenceUnitInformation} [main] HHH000204: Processing PersistenceUnitInfo [name: default]
2025-05-01 17:14:44,325 INFO o.h.Version {logVersion} [main] HHH000412: Hibernate ORM core version 6.5.3.Final
2025-05-01 17:14:44,365 INFO o.h.c.i.RegionFactoryInitiator {initiateService} [main] HHH000026: Second-level cache disabled
2025-05-01 17:14:44,779 INFO o.s.o.j.p.SpringPersistenceUnitInfo {addTransformer} [main] No LoadTimeWeaver setup: ignoring JPA class transformer
2025-05-01 17:14:44,849 WARN o.h.e.j.d.i.DialectFactoryImpl {constructDialect} [main] HHH90000025: H2Dialect does not need to be specified explicitly using 'hibernate.dialect' (remove the property setting and it will be selected by default)
2025-05-01 17:14:46,175 INFO o.h.e.t.j.p.i.JtaPlatformInitiator {initiateService} [main] HHH000489: No JTA platform available (set 'hibernate.transaction.jta.platform' to enable JTA platform integration)
2025-05-01 17:14:46,249 INFO o.s.o.j.AbstractEntityManagerFactoryBean {buildNativeEntityManagerFactory} [main] Initialized JPA EntityManagerFactory for persistence unit 'default'
2025-05-01 17:14:47,006 INFO o.s.s.c.a.a.c.InitializeUserDetailsBeanManagerConfigurer$InitializeUserDetailsManagerConfigurer {configure} [main] Global AuthenticationManager configured with UserDetailsService bean with name eventsUserDetailsService
2025-05-01 17:14:47,042 WARN o.s.b.a.o.j.JpaBaseConfiguration$JpaWebConfiguration {openEntityManagerInViewInterceptor} [main] spring.jpa.open-in-view is enabled by default. Therefore, database queries may be performed during view rendering. Explicitly configure spring.jpa.open-in-view to disable this warning
2025-05-01 17:14:47,710 INFO o.a.j.l.DirectJDKLog {log} [main] Starting ProtocolHandler ["http-nio-8080"]
2025-05-01 17:14:47,912 INFO o.s.b.w.e.t.TomcatWebServer {start} [main] Tomcat started on port 8080 (http) with context path '/'
2025-05-01 17:14:47,923 INFO o.s.b.StartupInfoLogger {logStarted} [main] Started ApieventsApplication in 6.405 seconds (process running for 6.835)
2025-05-01 17:17:35,340 INFO o.s.o.j.AbstractEntityManagerFactoryBean {destroy} [SpringApplicationShutdownHook] Closing JPA EntityManagerFactory for persistence unit 'default'
2025-05-01 17:17:35,352 INFO c.z.h.HikariDataSource {close} [SpringApplicationShutdownHook] HikariPool-1 - Shutdown initiated...
2025-05-01 17:17:35,373 INFO c.z.h.HikariDataSource {close} [SpringApplicationShutdownHook] HikariPool-1 - Shutdown completed.
